// Jest Snapshot v1, https://goo.gl/fbAQLP

exports[`Button snapshot testing 1`] = `
Array [
  <h2>
    Calculator
  </h2>,
  <div
    className="calculator"
  >
    <div
      className="display"
      data-testid="display"
    >
      0
    </div>
    <div
      className="panel"
    >
      <div>
        <button
          className="button"
          data-testid="button"
          onClick={[Function]}
          type="button"
        >
          AC
        </button>
        <button
          className="button"
          data-testid="button"
          onClick={[Function]}
          type="button"
        >
          +/-
        </button>
        <button
          className="button"
          data-testid="button"
          onClick={[Function]}
          type="button"
        >
          %
        </button>
        <button
          className="button"
          data-testid="button"
          onClick={[Function]}
          type="button"
        >
          ÷
        </button>
      </div>
      <div>
        <button
          className="button"
          data-testid="button"
          onClick={[Function]}
          type="button"
        >
          7
        </button>
        <button
          className="button"
          data-testid="button"
          onClick={[Function]}
          type="button"
        >
          8
        </button>
        <button
          className="button"
          data-testid="button"
          onClick={[Function]}
          type="button"
        >
          9
        </button>
        <button
          className="button"
          data-testid="button"
          onClick={[Function]}
          type="button"
        >
          x
        </button>
      </div>
      <div>
        <button
          className="button"
          data-testid="button"
          onClick={[Function]}
          type="button"
        >
          4
        </button>
        <button
          className="button"
          data-testid="button"
          onClick={[Function]}
          type="button"
        >
          5
        </button>
        <button
          className="button"
          data-testid="button"
          onClick={[Function]}
          type="button"
        >
          6
        </button>
        <button
          className="button"
          data-testid="button"
          onClick={[Function]}
          type="button"
        >
          -
        </button>
      </div>
      <div>
        <button
          className="button"
          data-testid="button"
          onClick={[Function]}
          type="button"
        >
          1
        </button>
        <button
          className="button"
          data-testid="button"
          onClick={[Function]}
          type="button"
        >
          2
        </button>
        <button
          className="button"
          data-testid="button"
          onClick={[Function]}
          type="button"
        >
          3
        </button>
        <button
          className="button"
          data-testid="button"
          onClick={[Function]}
          type="button"
        >
          +
        </button>
      </div>
      <div>
        <button
          className="button"
          data-testid="button"
          onClick={[Function]}
          type="button"
        >
          0
        </button>
        <button
          className="button"
          data-testid="button"
          onClick={[Function]}
          type="button"
        >
          .
        </button>
        <button
          className="button"
          data-testid="button"
          onClick={[Function]}
          type="button"
        >
          =
        </button>
      </div>
    </div>
  </div>,
]
`;
