// Jest Snapshot v1, https://goo.gl/fbAQLP

exports[`Home displays markup as shown in snapshot 1`] = `
<div>
  <div
    className="ui vertical segment"
  >
    <h1>
      Welcome to Math Magic
    </h1>
  </div>
  <div
    className="ui vertical segment"
  >
    <p>
      Feel free to use our calculator or enjoy reading some Maths quotes.
    </p>
  </div>
  <div
    className="ui vertical segment"
  >
    <p>
      This project is built with React.
    </p>
  </div>
</div>
`;
