// Jest Snapshot v1, https://goo.gl/fbAQLP

exports[`NavMenu displays all items as shown in snapshot 1`] = `
<div
  className="ui fluid vertical tabular menu"
>
  <a
    className="active item"
    href="/"
    onClick={[Function]}
  >
    Bio
  </a>
  <a
    className="item"
    href="/calculator"
    onClick={[Function]}
  >
    Calculator
  </a>
  <a
    className="item"
    href="/quotes"
    onClick={[Function]}
  >
    Quotes
  </a>
</div>
`;
